// Jest Snapshot v1, https://goo.gl/fbAQLP

exports[`should render Content component Snapshot test 1`] = `
<Route>
  <Component />
</Route>
`;
