// Jest Snapshot v1, https://goo.gl/fbAQLP

exports[`should render Header correctly Snapshot test 1`] = `
<styled.header>
  <Title />
  <Connect(Search) />
</styled.header>
`;
